Microchip MPLAB XC8 Compiler V2.45

Linker command line:

-W-3 \
  --edf=C:\Program Files\Microchip\xc8\v2.45\pic\dat\20230818022343_en.msgs \
  -cn -h+dist/default/production\TP2_BV2.X.production.sym \
  --cmf=dist/default/production\TP2_BV2.X.production.cmf -z -Q18F25K80 \
  -oC:\Users\Marc\AppData\Local\Temp\xcAsumk.\driver_tmp_3.o \
  --defsym=__MPLAB_BUILD=1 --fixupoverflow=error \
  -Mdist/default/production/TP2_BV2.X.production.map \
  --md=C:\Users\Marc\AppData\Local\Temp\xcAsumk.\driver_tmp_0.dat -E1 \
  -ver=XC8 Compiler --acfsm=1493 -ACODE=00h-07FFFh -ACONST=00h-07FFFh \
  -ASMALLCONST=0F00h-0FFFhx113 -AMEDIUMCONST=0F00h-07FFFh -ACOMRAM=01h-05Fh \
  -AABS1=00h-0E40h -ABIGRAM=01h-0E40h \
  -ARAM=060h-0FFh,0100h-01FFhx13,0E00h-0E40h -ABANK0=060h-0FFh \
  -ABANK1=0100h-01FFh -ABANK2=0200h-02FFh -ABANK3=0300h-03FFh \
  -ABANK4=0400h-04FFh -ABANK5=0500h-05FFh -ABANK6=0600h-06FFh \
  -ABANK7=0700h-07FFh -ABANK8=0800h-08FFh -ABANK9=0900h-09FFh \
  -ABANK10=0A00h-0AFFh -ABANK11=0B00h-0BFFh -ABANK12=0C00h-0CFFh \
  -ABANK13=0D00h-0DFFh -ABANK14=0E00h-0E40h \
  -ASFR=0E41h-0EFFh,0F00h-0F5Fh,0F60h-0FFFh -ABIGSFR=0E41h-0FFFh \
  -ACONFIG=0300000h-030000Dh -AIDLOC=0200000h-0200007h \
  -AEEDATA=0F00000h-0F003FFh -peeprom_data=EEDATA \
  -preset_vec=00h,intcode=08h,intcodelo,powerup,init -pramtop=0F00h \
  -psmallconst=SMALLCONST -pmediumconst=MEDIUMCONST -pconst=CONST \
  -AFARRAM=00h-00h \
  -prdata=COMRAM,nvrram=COMRAM,nvbit=COMRAM,rbss=COMRAM,rbit=COMRAM \
  -pfarbss=FARRAM,fardata=FARRAM,nvFARRAM=FARRAM \
  -pintsave_regs=BIGRAM,bigbss=BIGRAM,bigdata=BIGRAM -pbss=RAM \
  -pidata=CODE,irdata=CODE,ibigdata=CODE,ifardata=CODE -prparam=COMRAM \
  C:\Users\Marc\AppData\Local\Temp\xcAsumk.\driver_tmp_14.o \
  dist/default/production\TP2_BV2.X.production.o 

Object code version is 3.11

Machine type is 18F25K80



                Name                               Link     Load   Length Selector   Space Scale
C:\Users\Marc\AppData\Local\Temp\xcAsumk.\driver_tmp_14.o
                config                           300000   300000        E        0       4
                init                                 74       74        4        4       0
                reset_vec                             0        0        4        0       0
dist/default/production\TP2_BV2.X.production.o
                intcode                               8        8       6C        4       0
                config                           300000   300000        E        0       4
                temp                                 57       57        1        1       1
                smallconst                          F00      F00       1E      780       0
                text50                             3580     3580       28      78F       0
                text49                             36C6     36C6        E      78F       0
                text48                             36B8     36B8        E      78F       0
                text47                             3716     3716        2      78F       0
                text46                             3528     3528       30      78F       0
                text45                             3714     3714        2      78F       0
                text44                             3448     3448       3E      78F       0
                text42                             3706     3706        A      78F       0
                text41                             35F4     35F4       22      78F       0
                text40                             36FC     36FC        A      78F       0
                text39                             36F2     36F2        A      78F       0
                text38                             36E8     36E8        A      78F       0
                text37                             340A     340A       3E      78F       0
                text36                             3710     3710        4      78F       0
                text35                             368A     368A       12      78F       0
                text34                             3558     3558       28      78F       0
                text33                             36DE     36DE        A      78F       0
                text32                             34BE     34BE       38      78F       0
                text31                             3632     3632       1A      78F       0
                text30                             31CE     31CE       74      78F       0
                text29                             2A3C     2A3C      1B4      78F       0
                text28                             364C     364C       16      78F       0
                text27                             3676     3676       14      78F       0
                text26                             3662     3662       14      78F       0
                text25                             36AA     36AA        E      78F       0
                text24                             221E     221E      39A      78F       0
                text23                             307E     307E       AA      78F       0
                text22                             2CF6     2CF6      104      78F       0
                text21                             1DF4     1DF4      42A      78F       0
                text20                             3486     3486       38      78F       0
                text19                             1934     1934      4C0      78F       0
                text18                             3302     3302       46      78F       0
                text17                             2BF0     2BF0      106      78F       0
                text16                             2DFA     2DFA       FE      78F       0
                text15                             282A     282A      212      78F       0
                text14                             32AC     32AC       56      78F       0
                text13                             33CA     33CA       40      78F       0
                text12                             36D4     36D4        A      78F       0
                text11                             2EF8     2EF8       CA      78F       0
                text10                             338A     338A       40      78F       0
                text9                              3242     3242       6A      78F       0
                text8                              34F6     34F6       32      78F       0
                text7                               F1E      F1E      A16      78F       0
                text6                              35CE     35CE       26      78F       0
                text5                              3128     3128       A6      78F       0
                text4                              25B8     25B8      272      78F       0
                text3                              3348     3348       42      78F       0
                text2                              3616     3616       1C      78F       0
                text1                              369C     369C        E      78F       0
                text0                              2FC2     2FC2       BC      78F       0
                cstackCOMRAM                          1        1       4E        1       1
                cstackBANK0                          BA       BA       39       60       1
                bssBANK0                             60       60       5A       60       1
                bssCOMRAM                            4F       4F        8        1       1
                cinit                              35A8     35A8       26      78F       0
                nvBANK0                              F3       F3        A       60       1

TOTAL           Name                               Link     Load   Length     Space
        CLASS   CODE           
                intcode                               8        8       6C         0
                init                                 74       74        4         0
                reset_vec                             0        0        4         0
                text50                             3580     3580       28         0
                text49                             36C6     36C6        E         0
                text48                             36B8     36B8        E         0
                text47                             3716     3716        2         0
                text46                             3528     3528       30         0
                text45                             3714     3714        2         0
                text44                             3448     3448       3E         0
                text42                             3706     3706        A         0
                text41                             35F4     35F4       22         0
                text40                             36FC     36FC        A         0
                text39                             36F2     36F2        A         0
                text38                             36E8     36E8        A         0
                text37                             340A     340A       3E         0
                text36                             3710     3710        4         0
                text35                             368A     368A       12         0
                text34                             3558     3558       28         0
                text33                             36DE     36DE        A         0
                text32                             34BE     34BE       38         0
                text31                             3632     3632       1A         0
                text30                             31CE     31CE       74         0
                text29                             2A3C     2A3C      1B4         0
                text28                             364C     364C       16         0
                text27                             3676     3676       14         0
                text26                             3662     3662       14         0
                text25                             36AA     36AA        E         0
                text24                             221E     221E      39A         0
                text23                             307E     307E       AA         0
                text22                             2CF6     2CF6      104         0
                text21                             1DF4     1DF4      42A         0
                text20                             3486     3486       38         0
                text19                             1934     1934      4C0         0
                text18                             3302     3302       46         0
                text17                             2BF0     2BF0      106         0
                text16                             2DFA     2DFA       FE         0
                text15                             282A     282A      212         0
                text14                             32AC     32AC       56         0
                text13                             33CA     33CA       40         0
                text12                             36D4     36D4        A         0
                text11                             2EF8     2EF8       CA         0
                text10                             338A     338A       40         0
                text9                              3242     3242       6A         0
                text8                              34F6     34F6       32         0
                text7                               F1E      F1E      A16         0
                text6                              35CE     35CE       26         0
                text5                              3128     3128       A6         0
                text4                              25B8     25B8      272         0
                text3                              3348     3348       42         0
                text2                              3616     3616       1C         0
                text1                              369C     369C        E         0
                text0                              2FC2     2FC2       BC         0
                cinit                              35A8     35A8       26         0

        CLASS   CONST          

        CLASS   SMALLCONST     
                smallconst                          F00      F00       1E         0

        CLASS   MEDIUMCONST    

        CLASS   COMRAM         
                temp                                 57       57        1         1
                cstackCOMRAM                          1        1       4E         1
                bssCOMRAM                            4F       4F        8         1

        CLASS   ABS1           

        CLASS   BIGRAM         

        CLASS   RAM            

        CLASS   BANK0          
                cstackBANK0                          BA       BA       39         1
                bssBANK0                             60       60       5A         1
                nvBANK0                              F3       F3        A         1

        CLASS   BANK1          

        CLASS   BANK2          

        CLASS   BANK3          

        CLASS   BANK4          

        CLASS   BANK5          

        CLASS   BANK6          

        CLASS   BANK7          

        CLASS   BANK8          

        CLASS   BANK9          

        CLASS   BANK10         

        CLASS   BANK11         

        CLASS   BANK12         

        CLASS   BANK13         

        CLASS   BANK14         

        CLASS   SFR            

        CLASS   BIGSFR         

        CLASS   CONFIG         
                config                           300000   300000        E         4

        CLASS   IDLOC          

        CLASS   EEDATA         

        CLASS   FARRAM         

        CLASS   HEAP           

        CLASS   STACK          



SEGMENTS        Name                           Load    Length   Top    Selector   Space  Class

                reset_vec                      000000  000004  000004         0       0  CODE    
                cstackCOMRAM                   000001  000057  000058         1       1  COMRAM  
                intcode                        000008  000070  000078         4       0  CODE    
                bssBANK0                       000060  00009D  0000FD        60       1  BANK0   
                smallconst                     000F00  00001E  000F1E       780       0  SMALLCON
                text7                          000F1E  0027FA  003718       78F       0  CODE    


UNUSED ADDRESS RANGES

        Name                Unused          Largest block    Delta
        BANK0            0000FD-0000FF                3
        BANK1            000100-0001FF              100
        BANK10           000A00-000AFF              100
        BANK11           000B00-000BFF              100
        BANK12           000C00-000CFF              100
        BANK13           000D00-000DFF              100
        BANK14           000E00-000E40               41
        BANK2            000200-0002FF              100
        BANK3            000300-0003FF              100
        BANK4            000400-0004FF              100
        BANK5            000500-0005FF              100
        BANK6            000600-0006FF              100
        BANK7            000700-0007FF              100
        BANK8            000800-0008FF              100
        BANK9            000900-0009FF              100
        BIGRAM           000058-00005F                8
                         0000FD-000E40              D44
        BIGSFR           000E41-000FFF              1BF
        CODE             000004-000007                4
                         000078-000EFF              E88
                         003718-007FFF             48E8
        COMRAM           000058-00005F                8
        CONST            000004-000007                4
                         000078-000EFF              E88
                         003718-007FFF             48E8
        EEDATA           F00000-F003FF              400
        IDLOC            200000-200007                8
        MEDIUMCONST      003718-007FFF             48E8
        RAM              0000FD-000E40              100
        SFR              000E41-000FFF               BF
        SMALLCONST       003718-007FFF              100

                                  Symbol Table

?___fladd                                       cstackCOMRAM 000009
?___fldiv                                       cstackCOMRAM 000009
?___flmul                                       cstackCOMRAM 000009
?___flneg                                       cstackCOMRAM 000009
?___flsub                                       cstackCOMRAM 000022
?___fltol                                       cstackCOMRAM 000009
?___fpclassifyf                                 cstackCOMRAM 000009
?___lwdiv                                       cstackCOMRAM 000009
?___wmul                                        cstackCOMRAM 000009
?___xxtofl                                      cstackCOMRAM 000010
?_floorf                                        cstackCOMRAM 000022
?_labs                                          cstackCOMRAM 000009
?_printf                                        cstackBANK0  0000E7
?_read_prec_or_width                            cstackCOMRAM 00000F
?_vfprintf                                      cstackCOMRAM 00004B
CCP2_CaptureISR@module                          cstackCOMRAM 000005
CCP2_SetCallBack@customCallBack                 cstackCOMRAM 000009
Capture_CallBack@capturedValue                  cstackCOMRAM 000003
EUSART1_SetErrorHandler@interruptHandler        cstackCOMRAM 000009
EUSART1_SetFramingErrorHandler@interruptHandler cstackCOMRAM 000009
EUSART1_SetOverrunErrorHandler@interruptHandler cstackCOMRAM 000009
EUSART1_Write@txData                            cstackCOMRAM 000009
TMR1_SetInterruptHandler@InterruptHandler       cstackCOMRAM 000009
TMR1_WriteTimer@timerVal                        cstackCOMRAM 000001
_ANCON0                                         (abs)        000F5D
_ANCON1                                         (abs)        000F5C
_BAUDCON1                                       (abs)        000FA7
_CCP2CON                                        (abs)        000F50
_CCP2_CallBack                                  nvBANK0      0000FB
_CCP2_CaptureISR                                text46       003528
_CCP2_DefaultCallBack                           text47       003716
_CCP2_Initialize                                text41       0035F4
_CCP2_SetCallBack                               text42       003706
_CCPR2H                                         (abs)        000F52
_CCPR2L                                         (abs)        000F51
_CCPTMRSbits                                    (abs)        000F99
_Capture_CallBack                               text48       0036B8
_EUSART1_DefaultErrorHandler                    (abs)        000000
_EUSART1_DefaultFramingErrorHandler             (abs)        000000
_EUSART1_DefaultOverrunErrorHandler             (abs)        000000
_EUSART1_ErrorHandler                           nvBANK0      0000F3
_EUSART1_FramingErrorHandler                    nvBANK0      0000F7
_EUSART1_Initialize                             text37       00340A
_EUSART1_OverrunErrorHandler                    nvBANK0      0000F5
_EUSART1_SetErrorHandler                        text40       0036FC
_EUSART1_SetFramingErrorHandler                 text39       0036F2
_EUSART1_SetOverrunErrorHandler                 text38       0036E8
_EUSART1_Write                                  text28       00364C
_INTCON2bits                                    (abs)        000FF1
_INTCONbits                                     (abs)        000FF2
_INTERRUPT_Initialize                           text36       003710
_INTERRUPT_InterruptManager                     intcode      000008
_LATA                                           (abs)        000F89
_LATB                                           (abs)        000F8A
_LATC                                           (abs)        000F8B
_OSCCON                                         (abs)        000FD3
_OSCCON2                                        (abs)        000FD2
_OSCILLATOR_Initialize                          text35       00368A
_OSCTUNE                                        (abs)        000F9B
_PIE1bits                                       (abs)        000F9D
_PIE3bits                                       (abs)        000FA3
_PIN_MANAGER_Initialize                         text34       003558
_PIR1bits                                       (abs)        000F9E
_PIR3bits                                       (abs)        000FA4
_RCONbits                                       (abs)        000FD0
_RCREG1                                         (abs)        000FAE
_RCSTA1                                         (abs)        000FAB
_RCSTA1bits                                     (abs)        000FAB
_REFOCON                                        (abs)        000F9A
_SPBRG1                                         (abs)        000FAF
_SPBRGH1                                        (abs)        000F7D
_SYSTEM_Initialize                              text31       003632
_T1CON                                          (abs)        000FCD
_T1CONbits                                      (abs)        000FCD
_T1GCON                                         (abs)        000FAA
_T1GCONbits                                     (abs)        000FAA
_TMR1H                                          (abs)        000FCF
_TMR1L                                          (abs)        000FCE
_TMR1_DefaultInterruptHandler                   text45       003714
_TMR1_ISR                                       text44       003448
_TMR1_Initialize                                text32       0034BE
_TMR1_InterruptHandler                          nvBANK0      0000F9
_TMR1_Reload                                    text49       0036C6
_TMR1_SetInterruptHandler                       text33       0036DE
_TMR1_WriteTimer                                text50       003580
_TRISA                                          (abs)        000F92
_TRISB                                          (abs)        000F93
_TRISC                                          (abs)        000F94
_TXREG1                                         (abs)        000FAD
_TXSTA1                                         (abs)        000FAC
_TXSTA1bits                                     (abs)        000FAC
_WPUB                                           (abs)        000F5B
__HRAM                                          (abs)        000000
__H__absolute__                                 __absolute__ 000000
__Habs1                                         abs1         000000
__Hbank0                                        bank0        000000
__Hbank1                                        bank1        000000
__Hbank10                                       bank10       000000
__Hbank11                                       bank11       000000
__Hbank12                                       bank12       000000
__Hbank13                                       bank13       000000
__Hbank14                                       bank14       000000
__Hbank2                                        bank2        000000
__Hbank3                                        bank3        000000
__Hbank4                                        bank4        000000
__Hbank5                                        bank5        000000
__Hbank6                                        bank6        000000
__Hbank7                                        bank7        000000
__Hbank8                                        bank8        000000
__Hbank9                                        bank9        000000
__Hbigbss                                       bigbss       000000
__Hbigdata                                      bigdata      000000
__Hbigram                                       bigram       000000
__Hbigsfr                                       bigsfr       000000
__Hbss                                          bss          000000
__HbssBANK0                                     bssBANK0     000000
__HbssCOMRAM                                    bssCOMRAM    000000
__Hcinit                                        cinit        000000
__Hclrtext                                      clrtext      000000
__Hcomram                                       comram       000000
__Hconfig                                       config       30000E
__Hconst                                        const        000000
__HcstackBANK0                                  cstackBANK0  000000
__HcstackCOMRAM                                 cstackCOMRAM 000000
__Hdata                                         data         000000
__Heeprom_data                                  eeprom_data  000000
__Hfarbss                                       farbss       000000
__Hfardata                                      fardata      000000
__Hheap                                         heap         000000
__Hibigdata                                     ibigdata     000000
__Hidata                                        idata        000000
__Hidloc                                        idloc        000000
__Hifardata                                     ifardata     000000
__Hinit                                         init         000078
__Hintcode                                      intcode      000074
__Hintcode_body                                 intcode_body 000000
__Hintcodelo                                    intcodelo    000074
__Hintentry                                     intentry     000000
__Hintret                                       intret       000000
__Hintsave_regs                                 intsave_regs 000000
__Hirdata                                       irdata       000000
__Hmediumconst                                  mediumconst  000000
__HnvBANK0                                      nvBANK0      000000
__HnvFARRAM                                     nvFARRAM     000000
__Hnvbit                                        nvbit        000000
__Hnvrram                                       nvrram       000000
__Hparam                                        rparam       000000
__Hpowerup                                      powerup      000074
__Hram                                          ram          000000
__Hramtop                                       ramtop       000F00
__Hrbit                                         rbit         000000
__Hrbss                                         rbss         000000
__Hrdata                                        rdata        000000
__Hreset_vec                                    reset_vec    000004
__Hrparam                                       rparam       000000
__Hsfr                                          sfr          000000
__Hsmallconst                                   smallconst   000F1E
__Hspace_0                                      (abs)        003718
__Hspace_1                                      (abs)        0000FD
__Hspace_2                                      (abs)        000000
__Hspace_4                                      (abs)        60000E
__Hstack                                        stack        000000
__Hstruct                                       struct       000000
__Htemp                                         temp         000058
__Htext                                         text         000000
__Htext0                                        text0        000000
__Htext1                                        text1        000000
__Htext10                                       text10       000000
__Htext11                                       text11       000000
__Htext12                                       text12       000000
__Htext13                                       text13       000000
__Htext14                                       text14       000000
__Htext15                                       text15       000000
__Htext16                                       text16       000000
__Htext17                                       text17       000000
__Htext18                                       text18       000000
__Htext19                                       text19       000000
__Htext2                                        text2        000000
__Htext20                                       text20       000000
__Htext21                                       text21       000000
__Htext22                                       text22       000000
__Htext23                                       text23       000000
__Htext24                                       text24       000000
__Htext25                                       text25       000000
__Htext26                                       text26       000000
__Htext27                                       text27       000000
__Htext28                                       text28       000000
__Htext29                                       text29       000000
__Htext3                                        text3        000000
__Htext30                                       text30       000000
__Htext31                                       text31       000000
__Htext32                                       text32       000000
__Htext33                                       text33       000000
__Htext34                                       text34       000000
__Htext35                                       text35       000000
__Htext36                                       text36       000000
__Htext37                                       text37       000000
__Htext38                                       text38       000000
__Htext39                                       text39       000000
__Htext4                                        text4        000000
__Htext40                                       text40       000000
__Htext41                                       text41       000000
__Htext42                                       text42       000000
__Htext44                                       text44       000000
__Htext45                                       text45       000000
__Htext46                                       text46       000000
__Htext47                                       text47       000000
__Htext48                                       text48       000000
__Htext49                                       text49       000000
__Htext5                                        text5        000000
__Htext50                                       text50       000000
__Htext51                                       text51       000000
__Htext6                                        text6        000000
__Htext7                                        text7        000000
__Htext8                                        text8        000000
__Htext9                                        text9        000000
__LRAM                                          (abs)        000001
__L__absolute__                                 __absolute__ 000000
__Labs1                                         abs1         000000
__Lbank0                                        bank0        000000
__Lbank1                                        bank1        000000
__Lbank10                                       bank10       000000
__Lbank11                                       bank11       000000
__Lbank12                                       bank12       000000
__Lbank13                                       bank13       000000
__Lbank14                                       bank14       000000
__Lbank2                                        bank2        000000
__Lbank3                                        bank3        000000
__Lbank4                                        bank4        000000
__Lbank5                                        bank5        000000
__Lbank6                                        bank6        000000
__Lbank7                                        bank7        000000
__Lbank8                                        bank8        000000
__Lbank9                                        bank9        000000
__Lbigbss                                       bigbss       000000
__Lbigdata                                      bigdata      000000
__Lbigram                                       bigram       000000
__Lbigsfr                                       bigsfr       000000
__Lbss                                          bss          000000
__LbssBANK0                                     bssBANK0     000000
__LbssCOMRAM                                    bssCOMRAM    000000
__Lcinit                                        cinit        000000
__Lclrtext                                      clrtext      000000
__Lcomram                                       comram       000000
__Lconfig                                       config       000000
__Lconst                                        const        000000
__LcstackBANK0                                  cstackBANK0  000000
__LcstackCOMRAM                                 cstackCOMRAM 000000
__Ldata                                         data         000000
__Leeprom_data                                  eeprom_data  000000
__Lfarbss                                       farbss       000000
__Lfardata                                      fardata      000000
__Lheap                                         heap         000000
__Libigdata                                     ibigdata     000000
__Lidata                                        idata        000000
__Lidloc                                        idloc        000000
__Lifardata                                     ifardata     000000
__Linit                                         init         000074
__Lintcode                                      intcode      000008
__Lintcode_body                                 intcode_body 000000
__Lintcodelo                                    intcodelo    000074
__Lintentry                                     intentry     000000
__Lintret                                       intret       000000
__Lintsave_regs                                 intsave_regs 000000
__Lirdata                                       irdata       000000
__Lmediumconst                                  mediumconst  000000
__LnvBANK0                                      nvBANK0      000000
__LnvFARRAM                                     nvFARRAM     000000
__Lnvbit                                        nvbit        000000
__Lnvrram                                       nvrram       000000
__Lparam                                        rparam       000000
__Lpowerup                                      powerup      000074
__Lram                                          ram          000000
__Lramtop                                       ramtop       000F00
__Lrbit                                         rbit         000000
__Lrbss                                         rbss         000000
__Lrdata                                        rdata        000000
__Lreset_vec                                    reset_vec    000000
__Lrparam                                       rparam       000000
__Lsfr                                          sfr          000000
__Lsmallconst                                   smallconst   000F00
__Lspace_0                                      (abs)        000000
__Lspace_1                                      (abs)        000000
__Lspace_2                                      (abs)        000000
__Lspace_4                                      (abs)        000000
__Lstack                                        stack        000000
__Lstruct                                       struct       000000
__Ltemp                                         temp         000057
__Ltext                                         text         000000
__Ltext0                                        text0        000000
__Ltext1                                        text1        000000
__Ltext10                                       text10       000000
__Ltext11                                       text11       000000
__Ltext12                                       text12       000000
__Ltext13                                       text13       000000
__Ltext14                                       text14       000000
__Ltext15                                       text15       000000
__Ltext16                                       text16       000000
__Ltext17                                       text17       000000
__Ltext18                                       text18       000000
__Ltext19                                       text19       000000
__Ltext2                                        text2        000000
__Ltext20                                       text20       000000
__Ltext21                                       text21       000000
__Ltext22                                       text22       000000
__Ltext23                                       text23       000000
__Ltext24                                       text24       000000
__Ltext25                                       text25       000000
__Ltext26                                       text26       000000
__Ltext27                                       text27       000000
__Ltext28                                       text28       000000
__Ltext29                                       text29       000000
__Ltext3                                        text3        000000
__Ltext30                                       text30       000000
__Ltext31                                       text31       000000
__Ltext32                                       text32       000000
__Ltext33                                       text33       000000
__Ltext34                                       text34       000000
__Ltext35                                       text35       000000
__Ltext36                                       text36       000000
__Ltext37                                       text37       000000
__Ltext38                                       text38       000000
__Ltext39                                       text39       000000
__Ltext4                                        text4        000000
__Ltext40                                       text40       000000
__Ltext41                                       text41       000000
__Ltext42                                       text42       000000
__Ltext44                                       text44       000000
__Ltext45                                       text45       000000
__Ltext46                                       text46       000000
__Ltext47                                       text47       000000
__Ltext48                                       text48       000000
__Ltext49                                       text49       000000
__Ltext5                                        text5        000000
__Ltext50                                       text50       000000
__Ltext51                                       text51       000000
__Ltext6                                        text6        000000
__Ltext7                                        text7        000000
__Ltext8                                        text8        000000
__Ltext9                                        text9        000000
__S0                                            (abs)        003718
__S1                                            (abs)        0000FD
__S4                                            (abs)        000000
__S5                                            (abs)        000000
___fladd                                        text19       001934
___fladd@a                                      cstackCOMRAM 00000D
___fladd@aexp                                   cstackCOMRAM 000016
___fladd@b                                      cstackCOMRAM 000009
___fladd@bexp                                   cstackCOMRAM 000017
___fladd@grs                                    cstackCOMRAM 000018
___fladd@signs                                  cstackCOMRAM 000015
___fldiv                                        text24       00221E
___fldiv@a                                      cstackCOMRAM 00000D
___fldiv@aexp                                   cstackCOMRAM 000021
___fldiv@b                                      cstackCOMRAM 000009
___fldiv@bexp                                   cstackCOMRAM 000020
___fldiv@grs                                    cstackCOMRAM 00001C
___fldiv@new_exp                                cstackCOMRAM 00001A
___fldiv@rem                                    cstackCOMRAM 000015
___fldiv@sign                                   cstackCOMRAM 000019
___fleq                                         text23       00307E
___fleq@ff1                                     cstackCOMRAM 000009
___fleq@ff2                                     cstackCOMRAM 00000D
___flge                                         text22       002CF6
___flge@ff1                                     cstackCOMRAM 000022
___flge@ff2                                     cstackCOMRAM 000026
___flmul                                        text21       001DF4
___flmul@a                                      cstackCOMRAM 00000D
___flmul@aexp                                   cstackCOMRAM 000016
___flmul@b                                      cstackCOMRAM 000009
___flmul@bexp                                   cstackCOMRAM 00001B
___flmul@grs                                    cstackCOMRAM 000017
___flmul@prod                                   cstackCOMRAM 00001C
___flmul@sign                                   cstackCOMRAM 000015
___flmul@temp                                   cstackCOMRAM 000020
___flneg                                        text20       003486
___flneg@f1                                     cstackCOMRAM 000009
___flsub                                        text18       003302
___flsub@a                                      cstackCOMRAM 000026
___flsub@b                                      cstackCOMRAM 000022
___fltol                                        text17       002BF0
___fltol@exp1                                   cstackCOMRAM 000012
___fltol@f1                                     cstackCOMRAM 000009
___fltol@sign1                                  cstackCOMRAM 000011
___fpclassifyf                                  text16       002DFA
___fpclassifyf@F465                             bssBANK0     000064
___fpclassifyf@e                                cstackCOMRAM 000011
___fpclassifyf@u                                cstackCOMRAM 000013
___fpclassifyf@x                                cstackCOMRAM 000009
___heap_hi                                      (abs)        000000
___heap_lo                                      (abs)        000000
___inthi_sp                                     stack        000000
___inthi_stack_hi                               stack        000000
___inthi_stack_lo                               stack        000000
___intlo_sp                                     stack        000000
___intlo_stack_hi                               stack        000000
___intlo_stack_lo                               stack        000000
___lwdiv                                        text30       0031CE
___lwdiv@counter                                cstackCOMRAM 00000F
___lwdiv@dividend                               cstackCOMRAM 000009
___lwdiv@divisor                                cstackCOMRAM 00000B
___lwdiv@quotient                               cstackCOMRAM 00000D
___param_bank                                   (abs)        000000
___rparam_used                                  (abs)        000001
___sp                                           stack        000000
___stack_hi                                     stack        000000
___stack_lo                                     stack        000000
___wmul                                         text6        0035CE
___wmul@multiplicand                            cstackCOMRAM 00000B
___wmul@multiplier                              cstackCOMRAM 000009
___wmul@product                                 cstackCOMRAM 00000D
___xxtofl                                       text29       002A3C
___xxtofl@arg                                   cstackCOMRAM 00001A
___xxtofl@exp                                   cstackCOMRAM 000019
___xxtofl@sign                                  cstackCOMRAM 000018
___xxtofl@val                                   cstackCOMRAM 000010
__accesstop                                     (abs)        000060
__activetblptr                                  (abs)        000002
__end_of_CCP2_CaptureISR                        text46       003558
__end_of_CCP2_DefaultCallBack                   text47       003718
__end_of_CCP2_Initialize                        text41       003616
__end_of_CCP2_SetCallBack                       text42       003710
__end_of_Capture_CallBack                       text48       0036C6
__end_of_EUSART1_Initialize                     text37       003448
__end_of_EUSART1_SetErrorHandler                text40       003706
__end_of_EUSART1_SetFramingErrorHandler         text39       0036FC
__end_of_EUSART1_SetOverrunErrorHandler         text38       0036F2
__end_of_EUSART1_Write                          text28       003662
__end_of_INTERRUPT_Initialize                   text36       003714
__end_of_INTERRUPT_InterruptManager             intcode      000074
__end_of_OSCILLATOR_Initialize                  text35       00369C
__end_of_PIN_MANAGER_Initialize                 text34       003580
__end_of_SYSTEM_Initialize                      text31       00364C
__end_of_TMR1_DefaultInterruptHandler           text45       003716
__end_of_TMR1_ISR                               text44       003486
__end_of_TMR1_Initialize                        text32       0034F6
__end_of_TMR1_Reload                            text49       0036D4
__end_of_TMR1_SetInterruptHandler               text33       0036E8
__end_of_TMR1_WriteTimer                        text50       0035A8
__end_of___fladd                                text19       001DF4
__end_of___fldiv                                text24       0025B8
__end_of___fleq                                 text23       003128
__end_of___flge                                 text22       002DFA
__end_of___flmul                                text21       00221E
__end_of___flneg                                text20       0034BE
__end_of___flsub                                text18       003348
__end_of___fltol                                text17       002CF6
__end_of___fpclassifyf                          text16       002EF8
__end_of___lwdiv                                text30       003242
__end_of___wmul                                 text6        0035F4
__end_of___xxtofl                               text29       002BF0
__end_of__initialization                        cinit        0035C0
__end_of_backlightAllume                        text27       00368A
__end_of_curseurPosition                        text26       003676
__end_of_ecranAllume                            text25       0036B8
__end_of_efgtoa                                 text7        001934
__end_of_floorf                                 text15       002A3C
__end_of_fputc                                  text11       002FC2
__end_of_fputs                                  text10       0033CA
__end_of_labs                                   text14       003302
__end_of_main                                   text0        00307E
__end_of_memcpy                                 text13       00340A
__end_of_pad                                    text9        0032AC
__end_of_printf                                 text2        003632
__end_of_putch                                  text12       0036DE
__end_of_read_prec_or_width                     text5        0031CE
__end_of_strcpy                                 text8        003528
__end_of_vfpfcnvrt                              text4        00282A
__end_of_vfprintf                               text3        00338A
__end_of_videEcran                              text1        0036AA
__initialization                                cinit        0035A8
__mediumconst                                   mediumconst  000000
__pbssBANK0                                     bssBANK0     000060
__pbssCOMRAM                                    bssCOMRAM    00004F
__pcinit                                        cinit        0035A8
__pcstackBANK0                                  cstackBANK0  0000BA
__pcstackCOMRAM                                 cstackCOMRAM 000001
__pintcode                                      intcode      000008
__pnvBANK0                                      nvBANK0      0000F3
__psmallconst                                   smallconst   000F00
__ptext0                                        text0        002FC2
__ptext1                                        text1        00369C
__ptext10                                       text10       00338A
__ptext11                                       text11       002EF8
__ptext12                                       text12       0036D4
__ptext13                                       text13       0033CA
__ptext14                                       text14       0032AC
__ptext15                                       text15       00282A
__ptext16                                       text16       002DFA
__ptext17                                       text17       002BF0
__ptext18                                       text18       003302
__ptext19                                       text19       001934
__ptext2                                        text2        003616
__ptext20                                       text20       003486
__ptext21                                       text21       001DF4
__ptext22                                       text22       002CF6
__ptext23                                       text23       00307E
__ptext24                                       text24       00221E
__ptext25                                       text25       0036AA
__ptext26                                       text26       003662
__ptext27                                       text27       003676
__ptext28                                       text28       00364C
__ptext29                                       text29       002A3C
__ptext3                                        text3        003348
__ptext30                                       text30       0031CE
__ptext31                                       text31       003632
__ptext32                                       text32       0034BE
__ptext33                                       text33       0036DE
__ptext34                                       text34       003558
__ptext35                                       text35       00368A
__ptext36                                       text36       003710
__ptext37                                       text37       00340A
__ptext38                                       text38       0036E8
__ptext39                                       text39       0036F2
__ptext4                                        text4        0025B8
__ptext40                                       text40       0036FC
__ptext41                                       text41       0035F4
__ptext42                                       text42       003706
__ptext44                                       text44       003448
__ptext45                                       text45       003714
__ptext46                                       text46       003528
__ptext47                                       text47       003716
__ptext48                                       text48       0036B8
__ptext49                                       text49       0036C6
__ptext5                                        text5        003128
__ptext50                                       text50       003580
__ptext51                                       text51       000000
__ptext6                                        text6        0035CE
__ptext7                                        text7        000F1E
__ptext8                                        text8        0034F6
__ptext9                                        text9        003242
__ramtop                                        ramtop       000F00
__smallconst                                    smallconst   000F00
_backlightAllume                                text27       003676
_capture                                        bssBANK0     000068
_curseurPosition                                text26       003662
_dbuf                                           bssBANK0     00006A
_ecranAllume                                    text25       0036AA
_efgtoa                                         text7        000F1E
_efgtoa$1648                                    cstackBANK0  0000C0
_eusart1RxLastError                             bssCOMRAM    000056
_flags                                          bssCOMRAM    000055
_floorf                                         text15       00282A
_fputc                                          text11       002EF8
_fputs                                          text10       00338A
_labs                                           text14       0032AC
_main                                           text0        002FC2
_memcpy                                         text13       0033CA
_pad                                            text9        003242
_prec                                           bssCOMRAM    000051
_printf                                         text2        003616
_putch                                          text12       0036D4
_read_prec_or_width                             text5        003128
_strcpy                                         text8        0034F6
_timer1ReloadVal                                bssCOMRAM    000053
_vfpfcnvrt                                      text4        0025B8
_vfprintf                                       text3        003348
_videEcran                                      text1        00369C
_width                                          bssCOMRAM    00004F
backlightAllume@brightness                      cstackCOMRAM 00000A
btemp                                           temp         000057
curseurPosition@position                        cstackCOMRAM 00000A
efgtoa@c                                        cstackCOMRAM 00003C
efgtoa@d                                        cstackBANK0  0000C5
efgtoa@e                                        cstackBANK0  0000C9
efgtoa@f                                        cstackCOMRAM 000038
efgtoa@fp                                       cstackCOMRAM 000036
efgtoa@g                                        cstackBANK0  0000DC
efgtoa@h                                        cstackBANK0  0000D1
efgtoa@i                                        cstackBANK0  0000D9
efgtoa@l                                        cstackBANK0  0000D5
efgtoa@m                                        cstackBANK0  0000C7
efgtoa@mode                                     cstackBANK0  0000C3
efgtoa@n                                        cstackBANK0  0000E0
efgtoa@ne                                       cstackBANK0  0000BA
efgtoa@nmode                                    cstackBANK0  0000C4
efgtoa@ou                                       cstackBANK0  0000CB
efgtoa@p                                        cstackBANK0  0000BC
efgtoa@pp                                       cstackBANK0  0000C2
efgtoa@sign                                     cstackBANK0  0000DB
efgtoa@t                                        cstackBANK0  0000BE
efgtoa@u                                        cstackBANK0  0000E2
efgtoa@w                                        cstackBANK0  0000CF
end_of_initialization                           cinit        0035C0
floorf@F521                                     bssBANK0     000060
floorf@e                                        cstackCOMRAM 000030
floorf@m                                        cstackCOMRAM 00002C
floorf@u                                        cstackCOMRAM 000032
floorf@x                                        cstackCOMRAM 000022
fputc@c                                         cstackCOMRAM 00000B
fputc@fp                                        cstackCOMRAM 00000D
fputs@c                                         cstackCOMRAM 000017
fputs@fp                                        cstackCOMRAM 000015
fputs@i                                         cstackCOMRAM 000018
fputs@s                                         cstackCOMRAM 000014
int$flags                                       temp         000057
intlevel0                                       text         000000
intlevel1                                       text         000000
intlevel2                                       text         000000
intlevel3                                       text         000000
isa$std                                         (abs)        000001
isa$xinst                                       (abs)        000000
labs@a                                          cstackCOMRAM 000009
main@periode                                    cstackBANK0  0000EF
memcpy@d                                        cstackCOMRAM 00000E
memcpy@d1                                       cstackCOMRAM 000009
memcpy@n                                        cstackCOMRAM 00000B
memcpy@s                                        cstackCOMRAM 00000F
memcpy@s1                                       cstackCOMRAM 00000A
memcpy@tmp                                      cstackCOMRAM 00000D
pad@buf                                         cstackCOMRAM 00001C
pad@fp                                          cstackCOMRAM 00001A
pad@i                                           cstackCOMRAM 000020
pad@p                                           cstackCOMRAM 00001D
printf@ap                                       cstackBANK0  0000EC
printf@fmt                                      cstackBANK0  0000E7
putch@txData                                    cstackCOMRAM 00000A
read_prec_or_width@ap                           cstackCOMRAM 000010
read_prec_or_width@c                            cstackCOMRAM 000011
read_prec_or_width@fmt                          cstackCOMRAM 00000F
read_prec_or_width@n                            cstackCOMRAM 000012
stackhi                                         (abs)        000000
stacklo                                         (abs)        000000
start                                           init         000074
start_initialization                            cinit        0035A8
strcpy@d                                        cstackCOMRAM 00000C
strcpy@dest                                     cstackCOMRAM 000009
strcpy@src                                      cstackCOMRAM 00000A
ttemp5                                          temp         000058
ttemp6                                          temp         00005B
ttemp7                                          temp         00005F
vfpfcnvrt@ap                                    cstackCOMRAM 000041
vfpfcnvrt@c                                     cstackCOMRAM 000049
vfpfcnvrt@convarg                               cstackCOMRAM 000044
vfpfcnvrt@cp                                    cstackCOMRAM 00004A
vfpfcnvrt@done                                  cstackCOMRAM 000048
vfpfcnvrt@fmt                                   cstackCOMRAM 000040
vfpfcnvrt@fp                                    cstackCOMRAM 00003E
vfprintf@ap                                     cstackCOMRAM 00004E
vfprintf@cfmt                                   cstackBANK0  0000E6
vfprintf@fmt                                    cstackCOMRAM 00004D
vfprintf@fp                                     cstackCOMRAM 00004B
wtemp8                                          temp         000058


MODULE INFORMATION

Module		Function		Class		Link	Load	Size
C:\Program Files\Microchip\xc8\v2.45\pic\sources\c99\common\Umul16.c
		___wmul        		CODE           	35CE	0000	38

C:\Program Files\Microchip\xc8\v2.45\pic\sources\c99\common\Umul16.c estimated size: 38

C:\Program Files\Microchip\xc8\v2.45\pic\sources\c99\common\fleq.c
		___fleq        		CODE           	307E	0000	170

C:\Program Files\Microchip\xc8\v2.45\pic\sources\c99\common\fleq.c estimated size: 170

C:\Program Files\Microchip\xc8\v2.45\pic\sources\c99\common\memcpy.c
		_memcpy        		CODE           	33CA	0000	64

C:\Program Files\Microchip\xc8\v2.45\pic\sources\c99\common\memcpy.c estimated size: 64

mcc_generated_files/interrupt_manager.c
		_INTERRUPT_Initialize		CODE           	3710	0000	4
		_INTERRUPT_InterruptManager		CODE           	0008	0000	108

mcc_generated_files/interrupt_manager.c estimated size: 112

C:\Program Files\Microchip\xc8\v2.45\pic\sources\c99\common\flneg.c
		___flneg       		CODE           	3486	0000	56

C:\Program Files\Microchip\xc8\v2.45\pic\sources\c99\common\flneg.c estimated size: 56

mcc_generated_files/pin_manager.c
		_PIN_MANAGER_Initialize		CODE           	3558	0000	40

mcc_generated_files/pin_manager.c estimated size: 40

C:\Program Files\Microchip\xc8\v2.45\pic\sources\c99\common\printf.c
		_printf        		CODE           	3616	0000	28

C:\Program Files\Microchip\xc8\v2.45\pic\sources\c99\common\printf.c estimated size: 28

C:\Program Files\Microchip\xc8\v2.45\pic\sources\c99\common\sprcmul.c
		___flmul       		CODE           	1DF4	0000	1066

C:\Program Files\Microchip\xc8\v2.45\pic\sources\c99\common\sprcmul.c estimated size: 1066

C:\Program Files\Microchip\xc8\v2.45\pic\sources\c99\common\labs.c
		_labs          		CODE           	32AC	0000	86

C:\Program Files\Microchip\xc8\v2.45\pic\sources\c99\common\labs.c estimated size: 86

C:\Program Files\Microchip\xc8\v2.45\pic\sources\c99\common\nf_fputs.c
		_fputs         		CODE           	338A	0000	64

C:\Program Files\Microchip\xc8\v2.45\pic\sources\c99\common\nf_fputs.c estimated size: 64

C:\Program Files\Microchip\xc8\v2.45\pic\sources\c99\common\sprcdiv.c
		___fldiv       		CODE           	221E	0000	922

C:\Program Files\Microchip\xc8\v2.45\pic\sources\c99\common\sprcdiv.c estimated size: 922

mcc_generated_files/ccp2.c
		_CCP2_SetCallBack		CODE           	3706	0000	10
		_CCP2_CaptureISR		CODE           	3528	0000	48
		_CCP2_DefaultCallBack		CODE           	3716	0000	2
		_CCP2_Initialize		CODE           	35F4	0000	34

mcc_generated_files/ccp2.c estimated size: 94

C:\Program Files\Microchip\xc8\v2.45\pic\sources\c99\common\floorf.c
		_floorf        		CODE           	282A	0000	530

C:\Program Files\Microchip\xc8\v2.45\pic\sources\c99\common\floorf.c estimated size: 530

ecran.c
		_curseurPosition		CODE           	3662	0000	20
		_ecranAllume   		CODE           	36AA	0000	14
		_backlightAllume		CODE           	3676	0000	20
		_videEcran     		CODE           	369C	0000	14

ecran.c estimated size: 68

C:\Program Files\Microchip\xc8\v2.45\pic\sources\c99\common\flge.c
		___flge        		CODE           	2CF6	0000	260

C:\Program Files\Microchip\xc8\v2.45\pic\sources\c99\common\flge.c estimated size: 260

shared
		__initialization		CODE           	35A8	0000	24

shared estimated size: 24

mcc_generated_files/eusart1.c
		_EUSART1_Initialize		CODE           	340A	0000	62
		_putch         		CODE           	36D4	0000	10
		_EUSART1_SetFramingErrorHandler		CODE           	36F2	0000	10
		_EUSART1_SetOverrunErrorHandler		CODE           	36E8	0000	10
		_EUSART1_SetErrorHandler		CODE           	36FC	0000	10
		_EUSART1_Write 		CODE           	364C	0000	22

mcc_generated_files/eusart1.c estimated size: 124

C:\Program Files\Microchip\xc8\v2.45\pic\sources\c99\common\xxtofl.c
		___xxtofl      		CODE           	2A3C	0000	436

C:\Program Files\Microchip\xc8\v2.45\pic\sources\c99\common\xxtofl.c estimated size: 436

mcc_generated_files/mcc.c
		_OSCILLATOR_Initialize		CODE           	368A	0000	18
		_SYSTEM_Initialize		CODE           	3632	0000	26

mcc_generated_files/mcc.c estimated size: 44

C:\Program Files\Microchip\xc8\v2.45\pic\sources\c99\common\__fpclassifyf.c
		___fpclassifyf 		CODE           	2DFA	0000	254

C:\Program Files\Microchip\xc8\v2.45\pic\sources\c99\common\__fpclassifyf.c estimated size: 254

mcc_generated_files/tmr1.c
		_TMR1_Initialize		CODE           	34BE	0000	56
		_TMR1_SetInterruptHandler		CODE           	36DE	0000	10
		_TMR1_Reload   		CODE           	36C6	0000	14
		_TMR1_DefaultInterruptHandler		CODE           	3714	0000	2
		_TMR1_WriteTimer		CODE           	3580	0000	40
		_TMR1_ISR      		CODE           	3448	0000	62

mcc_generated_files/tmr1.c estimated size: 184

C:\Program Files\Microchip\xc8\v2.45\pic\sources\c99\common\strcpy.c
		_strcpy        		CODE           	34F6	0000	50

C:\Program Files\Microchip\xc8\v2.45\pic\sources\c99\common\strcpy.c estimated size: 50

C:\Program Files\Microchip\xc8\v2.45\pic\sources\c99\common\sprcadd.c
		___flsub       		CODE           	3302	0000	70
		___fladd       		CODE           	1934	0000	1216

C:\Program Files\Microchip\xc8\v2.45\pic\sources\c99\common\sprcadd.c estimated size: 1286

main.c
		_main          		CODE           	2FC2	0000	188
		_Capture_CallBack		CODE           	36B8	0000	14

main.c estimated size: 202

C:\Program Files\Microchip\xc8\v2.45\pic\sources\c99\common\nf_fputc.c
		_fputc         		CODE           	2EF8	0000	202

C:\Program Files\Microchip\xc8\v2.45\pic\sources\c99\common\nf_fputc.c estimated size: 202

C:\Program Files\Microchip\xc8\v2.45\pic\sources\c99\common\doprnt.c
		_read_prec_or_width		CODE           	3128	0000	166
		_vfpfcnvrt     		CODE           	25B8	0000	626
		_efgtoa        		CODE           	0F1E	0000	2582
		_pad           		CODE           	3242	0000	106
		_vfprintf      		CODE           	3348	0000	66

C:\Program Files\Microchip\xc8\v2.45\pic\sources\c99\common\doprnt.c estimated size: 3546

C:\Program Files\Microchip\xc8\v2.45\pic\sources\c99\common\lwdiv.c
		___lwdiv       		CODE           	31CE	0000	116

C:\Program Files\Microchip\xc8\v2.45\pic\sources\c99\common\lwdiv.c estimated size: 116

C:\Program Files\Microchip\xc8\v2.45\pic\sources\c99\common\fltol.c
		___fltol       		CODE           	2BF0	0000	262

C:\Program Files\Microchip\xc8\v2.45\pic\sources\c99\common\fltol.c estimated size: 262

